Installing packages
------------------------------------------------------------
Exception:
(Failure "Missing dependencies: (fonts-theano)")
------------------------------------------------------------
@@dest_dir@@
------------------------------------------------------------
