@@test_library@@/Satyristes:3:1: (module package):
Warning: lib/compat/0.0.1
  Compatibility warnings for Satyrographos 0.0.1 libraries are no longer effective.

1 problem(s) found.
