@@test_library@@/Satyristes:3:1: (module package):
@@test_library@@/satysfi-package.opam:
Warning:
  (47) Synopsis (or description first line) should start with a capital and not end with a dot

1 problem(s) found.
