@@test_library@@/Satyristes:3:1: (module package):
@@test_library@@/test.satyh:
Error: Missing file

1 problem(s) found.
