Installing packages
------------------------------------------------------------
Exception:
("[Map.add_exn] got key already present" (key hash/fonts.satysfi-hash))
------------------------------------------------------------
@@dest_dir@@
------------------------------------------------------------
