@@test_library@@/second.satyg:1.1-1.9:
Error: lib/dep/missing
  Missing dependency for “@import: third” (mode (Generic))

1 problem(s) found.
